<?xml version="1.0" encoding="utf-8"?><testsuites><testsuite name="pytest" errors="0" failures="0" skipped="0" tests="0" time="0.022" timestamp="2022-06-14T12:19:52.909900" hostname="Adams-MBP" /></testsuites>